WATCOM Linker Version 10.6
Copyright by WATCOM International Corp. 1985, 1996. All rights reserved.
Created on:       11/11/29 15:23:25
Executable Image: read_ft245
creating a QNX 386 executable


                        +------------+
                        |   Groups   |
                        +------------+

Group                           Address              Size
=====                           =======              ====

DGROUP                          0000d000             00008b80



                        +--------------+
                        |   Segments   |
                        +--------------+

Segment                Class          Group          Address         Size
=======                =====          =====          =======         ====

BEGTEXT                CODE                          0000a000        00000006
_TEXT                  CODE                          0000a010        00002d7c
printf11_DATA          FAR_DATA                      0000cd8c        00000000
fprintf11_DATA         FAR_DATA                      0000cd8c        00000000
fprtf11_DATA           FAR_DATA                      0000cd8c        00000000
_NULL                  BEGDATA        DGROUP         0000d000        00000020
_AFTERNULL             BEGDATA        DGROUP         0000d020        00000002
CONST                  DATA           DGROUP         0000d024        00000650
CONST2                 DATA           DGROUP         0000d674        00000104
_DATA                  DATA           DGROUP         0000d778        00000338
XIB                    DATA           DGROUP         0000dab0        00000000
XI                     DATA           DGROUP         0000dab0        00000006
XIE                    DATA           DGROUP         0000dab6        00000000
YIB                    DATA           DGROUP         0000dab6        00000000
YI                     DATA           DGROUP         0000dab6        00000006
YIE                    DATA           DGROUP         0000dabc        00000000
DATA                   DATA           DGROUP         0000dabc        00000000
_BSS                   BSS            DGROUP         0000dabc        000000c4
STACK                  STACK          DGROUP         0000db80        00008000


                        +----------------+
                        |   Memory Map   |
                        +----------------+

* = unreferenced symbol
+ = symbol only referenced locally
s = symbol is static

Address        Symbol
=======        ======

Module: //1/home/seversk/new31/usb245/read_ft245.o(/home/seversk/new31/usb245/read_ft245.c)
0000a010*      create_shmem_
0000a123+      open_shmem_
0000a241+      get_dev_info_
0000a31c+      set_rx_timeout_
0000a3a5+      set_latency_
0000a41c+      get_latency_
0000a48c*      reset_device_
0000a5a0+      read_data_nonblock1_
0000a8dc       main_
0000d778+      _sum_ret
0000d77c+      _TM
0000dabc+      _p
Module: /usr/watcom/10.6/usr/lib/clib3r.lib(stkq32)
0000abdb*      __STK
0000abdf       __CHK
0000abd8*      __GRO
0000ac00*      __STKOVERFLOW_
Module: /usr/watcom/10.6/usr/lib/clib3r.lib(shm_unlink)
0000ac75       shm_unlink_
Module: /usr/watcom/10.6/usr/lib/clib3r.lib(shm_open)
0000ac8e       shm_open_
Module: /usr/watcom/10.6/usr/lib/clib3r.lib(errno)
0000aca7       __get_errno_ptr_
Module: /usr/watcom/10.6/usr/lib/clib3r.lib(strerror)
0000acbf       strerror_
0000dac0+      _emsg
Module: /usr/watcom/10.6/usr/lib/clib3r.lib(printf)
0000ad25       printf_
Module: /usr/watcom/10.6/usr/lib/clib3r.lib(ltrunc)
0000ad47       ltrunc_
Module: /usr/watcom/10.6/usr/lib/clib3r.lib(ummap)
0000ad60       mmap_
Module: /usr/watcom/10.6/usr/lib/clib3r.lib(sleep)
0000ad75+      nanosleep_
0000ae22*      _lsleep_
0000ae22*      sleep_
0000ae46       delay_
0000d780+      ___sleep_tid
Module: /usr/watcom/10.6/usr/lib/clib3r.lib(dev_info)
0000aea4       dev_info_
Module: /usr/watcom/10.6/usr/lib/clib3r.lib(iob)
0000d784       ___iob
0000d964s      _force
0000db08       ___ClosedStreams
Module: /usr/watcom/10.6/usr/lib/clib3r.lib(fprintf)
0000aebd       fprintf_
Module: /usr/watcom/10.6/usr/lib/clib3r.lib(qnx_ioctl)
0000aede       qnx_ioctl_
Module: /usr/watcom/10.6/usr/lib/clib3r.lib(nmalloc)
0000aef7       _nmalloc_
0000aef7       malloc_
0000d968       ___nheapbeg
0000d96c       ___MiniHeapRover
0000d970       ___LargestSizeB4MiniHeapRover
Module: /usr/watcom/10.6/usr/lib/clib3r.lib(fopen)
0000afe6+      __open_flags_
0000b07bs      __doopen_
0000b128+      _fsopen_
0000b161       fopen_
0000b16bs      close_file_
0000b1e5*      freopen_
Module: /usr/watcom/10.6/usr/lib/clib3r.lib(read)
0000b23c       read_
Module: /usr/watcom/10.6/usr/lib/clib3r.lib(kbhitqnx)
0000b255       kbhit_
Module: /usr/watcom/10.6/usr/lib/clib3r.lib(fwrite)
0000b34f       fwrite_
Module: /usr/watcom/10.6/usr/lib/clib3r.lib(memcpy)
0000b4bf       memcpy_
Module: /usr/watcom/10.6/usr/lib/clib3r.lib(nfree)
0000b4e4       _nfree_
0000b4e4       free_
0000db0c+      ___MiniHeapFreeRover
Module: /usr/watcom/10.6/usr/lib/clib3r.lib(fclose)
0000b572       fclose_
0000b5b1       __shutdown_stream_
0000b5c6       __doclose_
Module: /usr/watcom/10.6/usr/lib/clib3r.lib(strdup)
0000b64f       strdup_
0000b64f*      _strdup_
Module: /usr/watcom/10.6/usr/lib/clib3r.lib(gtopt_3s)
0000db10s      _errbuf
0000d974+      _optind
0000d978+      _opterr
0000d97c+      _optopt
0000b694       getopt_
0000d980s      __gops
0000db60       _optarg
Module: /usr/watcom/10.6/usr/lib/clib3r.lib(strtol)
0000b701s      _stol_
0000b864       strtoul_
0000b86e*      strtol_
0000b876s      radix_value_
0000d9a0s      _nearly_overflowing
Module: /usr/watcom/10.6/usr/lib/clib3r.lib(open)
0000b8d4       open_
Module: /usr/watcom/10.6/usr/lib/clib3r.lib(close)
0000b8ed       close_
Module: /usr/watcom/10.6/usr/lib/clib3r.lib(cstrtq32)
0000d000*      __nullarea
0000da2c       __slib_func
0000b90c       _cstart_
0000b9b2       __exit_
Module: /usr/watcom/10.6/usr/lib/clib3r.lib(cmainqnx)
0000b9ebs      __null_FPE_rtn_
0000b9ec*      _Not_Enough_Memory_
0000b9fes      _s_EFG_printf_
0000ba05       __CMain
0000db64       __argc
0000db68+      __argv
0000db6c*      ___env_mask
0000db70       __endheap
0000db74       _environ
Module: /usr/watcom/10.6/usr/lib/clib3r.lib(xmsgqnx)
0000bacb+      __exit_with_msg_
0000bb00       __fatal_runtime_error_
Module: /usr/watcom/10.6/usr/lib/clib3r.lib(mainqnx)
0000da34+      ___FirstThreadData
0000da38       ___GetThreadPtr
0000da3c       __AccessFileH
0000da40       __ReleaseFileH
0000da44*      __InitAccessH
0000da48       __FiniAccessH
0000da4c       __AccessIOB
0000da50       __ReleaseIOB
0000da54       __AccessNHeap
0000da58*      __AccessFHeap
0000bb1d*      __threadid_
0000bb27s      __SingleThread_
0000bb2cs      __NullAccHeapRtn_
0000bb2cs      __NullAccIOBRtn_
0000bb2cs      __NullAccessRtn_
0000bb2cs      __NullInitAccessRtn_
0000bb2d       __QNXInit_
0000da5c       __ReleaseNHeap
0000da60*      __ReleaseFHeap
Module: /usr/watcom/10.6/usr/lib/clib3r.lib(__qnx_exit)
0000bb6d       __qnx_exit_
Module: /usr/watcom/10.6/usr/lib/clib3r.lib(__getmagicvar)
0000bb86       __getmagicvar_
Module: /usr/watcom/10.6/usr/lib/clib3r.lib(__strnerr)
0000bb9f       __strnerr_
Module: /usr/watcom/10.6/usr/lib/clib3r.lib(strcpy)
0000bbb8       strcpy_
Module: /usr/watcom/10.6/usr/lib/clib3r.lib(strlen)
0000bbd7       strlen_
Module: /usr/watcom/10.6/usr/lib/clib3r.lib(itoa)
0000bbf0s      _Alphabet
0000bc15+      utoa_
0000bc5f       itoa_
0000bc5f*      _itoa_
Module: /usr/watcom/10.6/usr/lib/clib3r.lib(strcat)
0000bc7a       strcat_
Module: /usr/watcom/10.6/usr/lib/clib3r.lib(fprtf)
0000bcads      file_putc_
0000bcbe       __fprtf_
Module: /usr/watcom/10.6/usr/lib/clib3r.lib(crwd386)
0000da64*      __dynend
0000da68       __curbrk
0000da6c       __STACKLOW
0000da70       __STACKTOP
0000da74*      __ASTACKSIZ
0000da78*      __ASTACKPTR
0000da7c       __cbyte
0000da80*      __cbyte2
0000da84*      __child
0000da8a*      __Envptr
0000da8e*      __Envseg
0000da88*      __no87
0000da90*      __FPE_handler
0000da90       ___FPE_handler
0000bd4ds      __null_FPE_rtn
Module: /usr/watcom/10.6/usr/lib/clib3r.lib(_mmap)
0000bd4e       _mmap_
Module: /usr/watcom/10.6/usr/lib/clib3r.lib(getpid)
0000bd67       getpid_
Module: /usr/watcom/10.6/usr/lib/clib3r.lib(timer_create)
0000bd80       timer_create_
Module: /usr/watcom/10.6/usr/lib/clib3r.lib(timer_settime)
0000bd99       timer_settime_
Module: /usr/watcom/10.6/usr/lib/clib3r.lib(stinit)
0000db78       ___OpenStreams
Module: /usr/watcom/10.6/usr/lib/clib3r.lib(memalloc)
0000bdb2       __MemAllocator
0000be5a       __MemFree
Module: /usr/watcom/10.6/usr/lib/clib3r.lib(grownear)
0000bf65s      __LinkUpNewMHeap_
0000bfd9+      __LastFree_
0000c003       __ExpandDGROUP_
0000c0f9s      __AdjustAmount_
Module: /usr/watcom/10.6/usr/lib/clib3r.lib(nmemneed)
0000c13f       __nmemneed_
Module: /usr/watcom/10.6/usr/lib/clib3r.lib(heapmod)
0000db7c       ___nheap_clean
0000db7d*      ___fheap_clean
Module: /usr/watcom/10.6/usr/lib/clib3r.lib(tolower)
0000c142       tolower_
0000c142*      _tolower_
Module: /usr/watcom/10.6/usr/lib/clib3r.lib(seterrno)
0000c150*      __set_EDOM_
0000c155       __set_errno_
0000c161*      __set_ERANGE_
0000c168*      __set_EINVAL_
Module: /usr/watcom/10.6/usr/lib/clib3r.lib(sopen)
0000c178       sopen_
Module: /usr/watcom/10.6/usr/lib/clib3r.lib(allocfp)
0000c191       __allocfp_
0000c249       __freefp_
0000c282       __purgefp_
Module: /usr/watcom/10.6/usr/lib/clib3r.lib(fseek)
0000c2a0s      __update_buffer_
0000c2d7s      __reset_buffer_
0000c2ef       fseek_
Module: /usr/watcom/10.6/usr/lib/clib3r.lib(chktty)
0000c403       __chktty_
Module: /usr/watcom/10.6/usr/lib/clib3r.lib(tcgetattr)
0000c432       tcgetattr_
Module: /usr/watcom/10.6/usr/lib/clib3r.lib(tcsetattr)
0000c44b       tcsetattr_
Module: /usr/watcom/10.6/usr/lib/clib3r.lib(kernel)
0000c464*      __send_
0000c4be       __sendfd_
0000c512*      __receive_
0000c546*      __reply_
0000c57a*      __creceive_
0000c5ae*      __readmsg_
0000c5e8*      __writemsg_
Module: /usr/watcom/10.6/usr/lib/clib3r.lib(ioalloc)
0000c61e       __ioalloc_
Module: /usr/watcom/10.6/usr/lib/clib3r.lib(qwritqnx)
0000c695       __qwrite_
Module: /usr/watcom/10.6/usr/lib/clib3r.lib(flush)
0000c6dd       __flush_
Module: /usr/watcom/10.6/usr/lib/clib3r.lib(ftell)
0000c79d       ftell_
Module: /usr/watcom/10.6/usr/lib/clib3r.lib(lseek)
0000c7ee       lseek_
Module: /usr/watcom/10.6/usr/lib/clib3r.lib(getenv)
0000c807       getenv_
0000c817+      _findenv_
Module: /usr/watcom/10.6/usr/lib/clib3r.lib(__getopt)
0000c871       __getopt_
Module: /usr/watcom/10.6/usr/lib/clib3r.lib(write)
0000c88a       write_
Module: /usr/watcom/10.6/usr/lib/clib3r.lib(istable)
0000d674       __IsTable
Module: /usr/watcom/10.6/usr/lib/clib3r.lib(segq32)
0000c8a4       __QNXseg__
Module: /usr/watcom/10.6/usr/lib/clib3r.lib(inirt386)
0000c8a6       __InitRtns
0000c8f1       __FiniRtns
Module: /usr/watcom/10.6/usr/lib/clib3r.lib(noefgfmt)
0000c940s      _no_support_loaded_
0000da94       ___EFG_printf
0000da98*      ___EFG_scanf
Module: /usr/watcom/10.6/usr/lib/clib3r.lib(__setmagicvar)
0000c952       __setmagicvar_
Module: /usr/watcom/10.6/usr/lib/clib3r.lib(regdata)
0000c96b*      __RegisterThreadDataSize_
0000da9c       ___ThreadDataSize
Module: /usr/watcom/10.6/usr/lib/clib3r.lib(set386)
0000c980       memset_
Module: /usr/watcom/10.6/usr/lib/clib3r.lib(amblksiz)
0000daa0       __amblksiz
Module: /usr/watcom/10.6/usr/lib/clib3r.lib(exit)
0000c998s      _null_exit_rtn_
0000c999       exit_
0000c9b9*      _exit_
0000daa4+      ___atexit
Module: /usr/watcom/10.6/usr/lib/clib3r.lib(enterdb)
0000c9be       __EnterWVIDEO_
0000daa8+      ___WD_Present
Module: /usr/watcom/10.6/usr/lib/clib3r.lib(fputc)
0000c9e4       fputc_
Module: /usr/watcom/10.6/usr/lib/clib3r.lib(__prtf)
0000ca72       __prtf_
Module: /usr/watcom/10.6/usr/lib/clib3r.lib(initfile)
0000ca8b       __InitFiles_
Module: /usr/watcom/10.6/usr/lib/clib3r.lib(ioexit)
0000cb02       __full_io_exit_
0000cb0e*      fcloseall_
0000cb13s      docloseall_
Module: /usr/watcom/10.6/usr/lib/clib3r.lib(heapen)
0000cb66*      _heapenable_
0000daac       ___heap_enabled
Module: /usr/watcom/10.6/usr/lib/clib3r.lib(sbrk)
0000cb87*      sbrk_
0000cb8d       __brk_
0000cbae*      brk_
0000cc16*      __setcbrk_
Module: /usr/watcom/10.6/usr/lib/clib3r.lib(tellqnx)
0000cc1c       tell_
Module: /usr/watcom/10.6/usr/lib/clib3r.lib(isatty)
0000cc2d       isatty_
Module: /usr/watcom/10.6/usr/lib/clib3r.lib(kererr)
0000cc46       __kererr_
Module: /usr/watcom/10.6/usr/lib/clib3r.lib(fflush)
0000cc54       fflush_
Module: /usr/watcom/10.6/usr/lib/clib3r.lib(strncmp)
0000cc64       strncmp_
Module: /usr/watcom/10.6/usr/lib/clib3r.lib(__stos)
0000cc90       __STOSB
0000ccc7*      __STOSD
Module: /usr/watcom/10.6/usr/lib/clib3r.lib(_brk)
0000cd33       _brk_
Module: /usr/watcom/10.6/usr/lib/clib3r.lib(flushall)
0000cd4c       flushall_
0000cd51*      __flushall_


                        +--------------------+
                        |   Libraries Used   |
                        +--------------------+

/usr/watcom/10.6/usr/lib/clib3r.lib


                        +-----------------------+
                        |   Linker Statistics   |
                        +-----------------------+

Stack size:  8000 (32768.)
Memory size:  b90c (47372.)
Entry point address: 0000b90c
Link time: 00:00.60
